// Jest Snapshot v1, https://goo.gl/fbAQLP

exports[`components List renders List component correctly 1`] = `
"<List items={{...}}>
  <div className=\\"grid container\\" />
</List>"
`;
